[robosuite WARNING] No private macro file found! (macros.py:57)
[robosuite WARNING] It is recommended to use a private macro file (macros.py:58)
[robosuite WARNING] To setup, run: python /Users/zhuyy/Downloads/cs188-cabinet-door-project/robosuite/robosuite/scripts/setup_macros.py (macros.py:59)
[robosuite WARNING] Could not import robosuite_models. Some robots may not be available. If you want to use these robots, please install robosuite_models from source (https://github.com/ARISE-Initiative/robosuite_models) or through pip install. (__init__.py:30)
[robosuite WARNING] Could not load the mink-based whole-body IK. Make sure you install related import properly (e.g. pip install mink==0.0.5), otherwise you will not be able to use the default IK controller setting for GR1 robot. (__init__.py:40)
============================================================
  OpenCabinet - Policy Training
============================================================

============================================================
  BC 1D U-Net Policy + Action Chunking
============================================================
WARNING: mimicgen environments not imported since mimicgen is not installed!
Dataset: /Users/zhuyy/Downloads/cs188-cabinet-door-project/robocasa/datasets/v1.0/pretrain/atomic/OpenCabinet/20250819/lerobot

Loading dataset...
  Total timesteps: 37492
  Episodes:        107
  State dim:       22
  Action dim:      12
  Train samples: 28977  Val samples: 5198
  Chunk size:    16  Execute steps: 8

Device: mps

============================================================
  Training
============================================================
  Max epochs: 30  (early stop patience: 25; best epoch usually 2-5)
  Batch size: 128  LR: 0.001
  Epoch    1/30  train_loss: 0.090313  val_loss: 0.062495
  Epoch    5/30  train_loss: 0.041522  val_loss: 0.047851
  Epoch   10/30  train_loss: 0.028628  val_loss: 0.047951
  Epoch   15/30  train_loss: 0.020507  val_loss: 0.052411
  Epoch   20/30  train_loss: 0.015808  val_loss: 0.055797
  Epoch   25/30  train_loss: 0.013839  val_loss: 0.053988
  Epoch   30/30  train_loss: 0.012124  val_loss: 0.057692

Training complete!
  Best val loss:   0.045637 (epoch 7)
  Best checkpoint: /tmp/cabinet_policy_checkpoints/best_policy.pt

============================================================
  Next Steps
============================================================
Evaluate (use >=50 rollouts for stable success rate):
  python 07_evaluate_policy.py --checkpoint /tmp/cabinet_policy_checkpoints/best_policy.pt --num_rollouts 50

