====================================================================
OpenCabinet Overnight Ablations
====================================================================
Started:         Sat Mar 14 23:50:21 PDT 2026
Script dir:      /Users/venkatchitturi/Documents/GitHub/cs188-cabinet-door-project-1/cabinet_door_project
Seeds:           0 1 2 3 4 5 6 7
Default epochs:  30
Eval rollouts:   50
Max steps list:  500 600
Eval split:      pretrain
Checkpoint root: /tmp/cabinet_ablations_20260314_235021
Run dir:         /Users/venkatchitturi/Documents/GitHub/cs188-cabinet-door-project-1/cabinet_door_project/sweep_results/ablations_20260314_235021
====================================================================

####################################################################
Config: baseline  (epochs=30, chunk=16, exec=8, handle_mode=both)
####################################################################

---- Train: config=baseline, seed=0 ----
============================================================
  OpenCabinet - Policy Training
============================================================

============================================================
  BC 1D U-Net Policy + Action Chunking
============================================================
[robosuite WARNING] No private macro file found! (macros.py:57)
[robosuite WARNING] It is recommended to use a private macro file (macros.py:58)
[robosuite WARNING] To setup, run: python /Users/venkatchitturi/Documents/GitHub/cs188-cabinet-door-project-1/robosuite/robosuite/scripts/setup_macros.py (macros.py:59)
[robosuite WARNING] Could not import robosuite_models. Some robots may not be available. If you want to use these robots, please install robosuite_models from source (https://github.com/ARISE-Initiative/robosuite_models) or through pip install. (__init__.py:30)
[robosuite WARNING] Could not load the mink-based whole-body IK. Make sure you install related import properly (e.g. pip install mink==0.0.5), otherwise you will not be able to use the default IK controller setting for GR1 robot. (__init__.py:40)
WARNING: mimicgen environments not imported since mimicgen is not installed!
Dataset: /Users/venkatchitturi/Documents/GitHub/cs188-cabinet-door-project-1/robocasa/datasets/v1.0/pretrain/atomic/OpenCabinet/20250819/lerobot

Loading dataset...
  Total timesteps: 37492
  Episodes:        107
  State dim:       22
  Action dim:      12
  Train samples: 29605  Val samples: 4570
  Chunk size:    16  Execute steps: 8

Device: mps

============================================================
  Training
============================================================
  Max epochs: 30  (early stop patience: 25; best epoch usually 2-5)
  Batch size: 128  LR: 0.001
  Epoch    1/30  train_loss: 0.092158  val_loss: 0.064443
  Epoch    5/30  train_loss: 0.043265  val_loss: 0.046880
  Epoch   10/30  train_loss: 0.030112  val_loss: 0.044072
  Epoch   15/30  train_loss: 0.020559  val_loss: 0.046659
  Epoch   20/30  train_loss: 0.016213  val_loss: 0.046492
  Epoch   25/30  train_loss: 0.014131  val_loss: 0.049192
  Epoch   30/30  train_loss: 0.010966  val_loss: 0.050420

Training complete!
  Best val loss:   0.043548 (epoch 14)
  Best checkpoint: /tmp/cabinet_ablations_20260314_235021/baseline/seed_0/best_policy.pt

============================================================
  Next Steps
============================================================
Evaluate (use >=50 rollouts for stable success rate):
  python 07_evaluate_policy.py --checkpoint /tmp/cabinet_ablations_20260314_235021/baseline/seed_0/best_policy.pt --num_rollouts 50


---- Eval: config=baseline, seed=0, max_steps=500 ----
[robosuite WARNING] No private macro file found! (macros.py:57)
[robosuite WARNING] It is recommended to use a private macro file (macros.py:58)
[robosuite WARNING] To setup, run: python /Users/venkatchitturi/Documents/GitHub/cs188-cabinet-door-project-1/robosuite/robosuite/scripts/setup_macros.py (macros.py:59)
[robosuite WARNING] Could not import robosuite_models. Some robots may not be available. If you want to use these robots, please install robosuite_models from source (https://github.com/ARISE-Initiative/robosuite_models) or through pip install. (__init__.py:30)
[robosuite WARNING] Could not load the mink-based whole-body IK. Make sure you install related import properly (e.g. pip install mink==0.0.5), otherwise you will not be able to use the default IK controller setting for GR1 robot. (__init__.py:40)
WARNING: mimicgen environments not imported since mimicgen is not installed!
============================================================
  OpenCabinet - Policy Evaluation
============================================================
Device: cpu
Policy type:   bc_unet
Trained epoch: 14, loss=0.021766
State dim:     22, Action dim: 12
Chunk size:    16, Action steps: 8

============================================================
  Evaluating on pretrain split (50 episodes)
============================================================
[robosuite INFO] Loading controller configuration from: /Users/venkatchitturi/Documents/GitHub/cs188-cabinet-door-project-1/robosuite/robosuite/controllers/config/robots/default_pandaomron.json (composite_controller_factory.py:121)
  Episode   1/50: SUCCESS (steps= 264, reward=0.0) layout=53, style=37, task="Open the cabinet door."
  Episode   2/50: SUCCESS (steps= 166, reward=0.0) layout=53, style=20, task="Open the cabinet door."
  Episode   3/50: FAIL    (steps= 500, reward=0.0) layout=49, style=33, task="Open the cabinet doors."
  Episode   4/50: FAIL    (steps= 500, reward=0.0) layout=44, style=17, task="Open the cabinet doors."
  Episode   5/50: FAIL    (steps= 500, reward=0.0) layout=60, style=59, task="Open the cabinet doors."
  Episode   6/50: FAIL    (steps= 500, reward=0.0) layout=15, style=37, task="Open the cabinet doors."
  Episode   7/50: FAIL    (steps= 500, reward=0.0) layout=33, style=41, task="Open the cabinet doors."
  Episode   8/50: FAIL    (steps= 500, reward=0.0) layout=33, style=13, task="Open the cabinet doors."
  Episode   9/50: FAIL    (steps= 500, reward=0.0) layout=30, style=47, task="Open the cabinet doors."
  Episode  10/50: FAIL    (steps= 500, reward=0.0) layout=33, style=19, task="Open the cabinet door."
  Episode  11/50: FAIL    (steps= 500, reward=0.0) layout=26, style=44, task="Open the cabinet doors."
  Episode  12/50: FAIL    (steps= 500, reward=0.0) layout=20, style=18, task="Open the cabinet doors."
  Episode  13/50: SUCCESS (steps=  82, reward=0.0) layout=35, style=32, task="Open the cabinet doors."
  Episode  14/50: FAIL    (steps= 500, reward=0.0) layout=29, style=47, task="Open the cabinet doors."
  Episode  15/50: FAIL    (steps= 500, reward=0.0) layout=55, style=16, task="Open the cabinet door."
  Episode  16/50: SUCCESS (steps= 373, reward=0.0) layout=15, style=49, task="Open the cabinet doors."
  Episode  17/50: SUCCESS (steps=  91, reward=0.0) layout=43, style=26, task="Open the cabinet doors."
  Episode  18/50: SUCCESS (steps=  78, reward=0.0) layout=19, style=33, task="Open the cabinet doors."
  Episode  19/50: FAIL    (steps= 500, reward=0.0) layout=42, style=37, task="Open the cabinet doors."
  Episode  20/50: SUCCESS (steps= 101, reward=0.0) layout=49, style=53, task="Open the cabinet doors."
  Episode  21/50: SUCCESS (steps= 167, reward=0.0) layout=49, style=41, task="Open the cabinet doors."
  Episode  22/50: SUCCESS (steps=  98, reward=0.0) layout=56, style=27, task="Open the cabinet doors."
  Episode  23/50: FAIL    (steps= 500, reward=0.0) layout=45, style=12, task="Open the cabinet doors."
  Episode  24/50: FAIL    (steps= 500, reward=0.0) layout=53, style=26, task="Open the cabinet door."
  Episode  25/50: FAIL    (steps= 500, reward=0.0) layout=56, style=52, task="Open the cabinet doors."
  Episode  26/50: FAIL    (steps= 500, reward=0.0) layout=39, style=19, task="Open the cabinet door."
  Episode  27/50: FAIL    (steps= 500, reward=0.0) layout=13, style=48, task="Open the cabinet doors."
  Episode  28/50: FAIL    (steps= 500, reward=0.0) layout=48, style=20, task="Open the cabinet doors."
  Episode  29/50: FAIL    (steps= 500, reward=0.0) layout=14, style=47, task="Open the cabinet doors."
  Episode  30/50: FAIL    (steps= 500, reward=0.0) layout=35, style=37, task="Open the cabinet doors."
  Episode  31/50: FAIL    (steps= 500, reward=0.0) layout=21, style=32, task="Open the cabinet doors."
  Episode  32/50: SUCCESS (steps=  95, reward=0.0) layout=28, style=58, task="Open the cabinet doors."
  Episode  33/50: FAIL    (steps= 500, reward=0.0) layout=42, style=35, task="Open the cabinet doors."
  Episode  34/50: FAIL    (steps= 500, reward=0.0) layout=45, style=60, task="Open the cabinet doors."
  Episode  35/50: SUCCESS (steps= 141, reward=0.0) layout=26, style=46, task="Open the cabinet doors."
  Episode  36/50: FAIL    (steps= 500, reward=0.0) layout=19, style=12, task="Open the cabinet doors."
  Episode  37/50: FAIL    (steps= 500, reward=0.0) layout=42, style=14, task="Open the cabinet doors."
  Episode  38/50: FAIL    (steps= 500, reward=0.0) layout=38, style=40, task="Open the cabinet doors."
  Episode  39/50: FAIL    (steps= 500, reward=0.0) layout=41, style=15, task="Open the cabinet door."
  Episode  40/50: SUCCESS (steps= 256, reward=0.0) layout=34, style=21, task="Open the cabinet doors."
  Episode  41/50: FAIL    (steps= 500, reward=0.0) layout=20, style=27, task="Open the cabinet doors."
  Episode  42/50: SUCCESS (steps= 142, reward=0.0) layout=48, style=40, task="Open the cabinet doors."
  Episode  43/50: FAIL    (steps= 500, reward=0.0) layout=28, style=52, task="Open the cabinet doors."
  Episode  44/50: SUCCESS (steps= 173, reward=0.0) layout=13, style=57, task="Open the cabinet doors."
  Episode  45/50: SUCCESS (steps=  77, reward=0.0) layout=55, style=34, task="Open the cabinet doors."
  Episode  46/50: SUCCESS (steps= 132, reward=0.0) layout=46, style=24, task="Open the cabinet door."
  Episode  47/50: FAIL    (steps= 500, reward=0.0) layout=54, style=34, task="Open the cabinet doors."
  Episode  48/50: FAIL    (steps= 500, reward=0.0) layout=33, style=23, task="Open the cabinet door."
  Episode  49/50: SUCCESS (steps= 207, reward=0.0) layout=59, style=22, task="Open the cabinet door."
  Episode  50/50: SUCCESS (steps=  85, reward=0.0) layout=56, style=39, task="Open the cabinet doors."

============================================================
  Evaluation Results
============================================================
  Split:          pretrain
  Episodes:       50
  Successes:      18/50
  Success rate:   36.0%
  Avg ep length:  374.6 steps
  Avg reward:     0.000

============================================================
  Performance Context
============================================================
Expected success rates from the RoboCasa benchmark:

  Method                 | Pretrain | Target
  -----------------------|----------|-------
  Random actions         |    ~0%   |   ~0%
  Simple MLP (baseline)  |    ~0%   |   ~0%
  Diffusion (low-dim)    |   ~5-15% |  ~3-10%
  Diffusion Policy (vis) |  ~30-60% | ~20-50%
  pi-0                   |  ~40-70% | ~30-60%


---- Eval: config=baseline, seed=0, max_steps=600 ----
[robosuite WARNING] No private macro file found! (macros.py:57)
[robosuite WARNING] It is recommended to use a private macro file (macros.py:58)
[robosuite WARNING] To setup, run: python /Users/venkatchitturi/Documents/GitHub/cs188-cabinet-door-project-1/robosuite/robosuite/scripts/setup_macros.py (macros.py:59)
[robosuite WARNING] Could not import robosuite_models. Some robots may not be available. If you want to use these robots, please install robosuite_models from source (https://github.com/ARISE-Initiative/robosuite_models) or through pip install. (__init__.py:30)
[robosuite WARNING] Could not load the mink-based whole-body IK. Make sure you install related import properly (e.g. pip install mink==0.0.5), otherwise you will not be able to use the default IK controller setting for GR1 robot. (__init__.py:40)
WARNING: mimicgen environments not imported since mimicgen is not installed!
============================================================
  OpenCabinet - Policy Evaluation
============================================================
Device: cpu
Policy type:   bc_unet
Trained epoch: 14, loss=0.021766
State dim:     22, Action dim: 12
Chunk size:    16, Action steps: 8

============================================================
  Evaluating on pretrain split (50 episodes)
============================================================
[robosuite INFO] Loading controller configuration from: /Users/venkatchitturi/Documents/GitHub/cs188-cabinet-door-project-1/robosuite/robosuite/controllers/config/robots/default_pandaomron.json (composite_controller_factory.py:121)
  Episode   1/50: SUCCESS (steps= 264, reward=0.0) layout=53, style=37, task="Open the cabinet door."
  Episode   2/50: SUCCESS (steps= 166, reward=0.0) layout=53, style=20, task="Open the cabinet door."
  Episode   3/50: SUCCESS (steps= 508, reward=0.0) layout=49, style=33, task="Open the cabinet doors."
  Episode   4/50: FAIL    (steps= 600, reward=0.0) layout=27, style=32, task="Open the cabinet door."
  Episode   5/50: SUCCESS (steps=  85, reward=0.0) layout=25, style=14, task="Open the cabinet doors."
  Episode   6/50: SUCCESS (steps=  82, reward=0.0) layout=23, style=25, task="Open the cabinet doors."
  Episode   7/50: FAIL    (steps= 600, reward=0.0) layout=59, style=41, task="Open the cabinet door."
  Episode   8/50: SUCCESS (steps=  87, reward=0.0) layout=51, style=21, task="Open the cabinet doors."
  Episode   9/50: FAIL    (steps= 600, reward=0.0) layout=43, style=45, task="Open the cabinet door."
  Episode  10/50: SUCCESS (steps= 104, reward=0.0) layout=28, style=44, task="Open the cabinet doors."
  Episode  11/50: FAIL    (steps= 600, reward=0.0) layout=18, style=26, task="Open the cabinet doors."
  Episode  12/50: SUCCESS (steps= 108, reward=0.0) layout=49, style=40, task="Open the cabinet doors."
  Episode  13/50: SUCCESS (steps=  97, reward=0.0) layout=51, style=43, task="Open the cabinet door."
  Episode  14/50: FAIL    (steps= 600, reward=0.0) layout=16, style=53, task="Open the cabinet doors."
  Episode  15/50: FAIL    (steps= 600, reward=0.0) layout=22, style=54, task="Open the cabinet doors."
  Episode  16/50: FAIL    (steps= 600, reward=0.0) layout=23, style=12, task="Open the cabinet doors."
  Episode  17/50: SUCCESS (steps=  84, reward=0.0) layout=37, style=56, task="Open the cabinet doors."
  Episode  18/50: FAIL    (steps= 600, reward=0.0) layout=12, style=34, task="Open the cabinet door."
  Episode  19/50: FAIL    (steps= 600, reward=0.0) layout=28, style=58, task="Open the cabinet door."
  Episode  20/50: FAIL    (steps= 600, reward=0.0) layout=34, style=35, task="Open the cabinet doors."
  Episode  21/50: FAIL    (steps= 600, reward=0.0) layout=26, style=38, task="Open the cabinet doors."
  Episode  22/50: FAIL    (steps= 600, reward=0.0) layout=36, style=22, task="Open the cabinet doors."
  Episode  23/50: FAIL    (steps= 600, reward=0.0) layout=52, style=53, task="Open the cabinet door."
  Episode  24/50: FAIL    (steps= 600, reward=0.0) layout=11, style=12, task="Open the cabinet doors."
  Episode  25/50: SUCCESS (steps=  67, reward=0.0) layout=30, style=50, task="Open the cabinet doors."
  Episode  26/50: SUCCESS (steps= 131, reward=0.0) layout=51, style=21, task="Open the cabinet door."
  Episode  27/50: SUCCESS (steps= 327, reward=0.0) layout=29, style=31, task="Open the cabinet doors."
  Episode  28/50: FAIL    (steps= 600, reward=0.0) layout=40, style=58, task="Open the cabinet door."
  Episode  29/50: SUCCESS (steps=  93, reward=0.0) layout=27, style=54, task="Open the cabinet doors."
  Episode  30/50: FAIL    (steps= 600, reward=0.0) layout=37, style=22, task="Open the cabinet doors."
  Episode  31/50: FAIL    (steps= 600, reward=0.0) layout=17, style=46, task="Open the cabinet doors."
  Episode  32/50: FAIL    (steps= 600, reward=0.0) layout=38, style=28, task="Open the cabinet doors."
  Episode  33/50: FAIL    (steps= 600, reward=0.0) layout=24, style=42, task="Open the cabinet door."
  Episode  34/50: FAIL    (steps= 600, reward=0.0) layout=34, style=50, task="Open the cabinet door."
  Episode  35/50: SUCCESS (steps=  75, reward=0.0) layout=42, style=21, task="Open the cabinet doors."
  Episode  36/50: FAIL    (steps= 600, reward=0.0) layout=54, style=42, task="Open the cabinet doors."
  Episode  37/50: SUCCESS (steps=  84, reward=0.0) layout=24, style=25, task="Open the cabinet doors."
  Episode  38/50: FAIL    (steps= 600, reward=0.0) layout=41, style=34, task="Open the cabinet door."
  Episode  39/50: SUCCESS (steps=  77, reward=0.0) layout=46, style=36, task="Open the cabinet doors."
  Episode  40/50: FAIL    (steps= 600, reward=0.0) layout=55, style=24, task="Open the cabinet door."
  Episode  41/50: SUCCESS (steps= 204, reward=0.0) layout=60, style=54, task="Open the cabinet doors."
  Episode  42/50: SUCCESS (steps= 101, reward=0.0) layout=57, style=60, task="Open the cabinet door."
  Episode  43/50: FAIL    (steps= 600, reward=0.0) layout=60, style=38, task="Open the cabinet doors."
  Episode  44/50: FAIL    (steps= 600, reward=0.0) layout=25, style=60, task="Open the cabinet doors."
  Episode  45/50: FAIL    (steps= 600, reward=0.0) layout=20, style=28, task="Open the cabinet doors."
  Episode  46/50: FAIL    (steps= 600, reward=0.0) layout=54, style=19, task="Open the cabinet doors."
  Episode  47/50: FAIL    (steps= 600, reward=0.0) layout=14, style=12, task="Open the cabinet doors."
  Episode  48/50: FAIL    (steps= 600, reward=0.0) layout=35, style=41, task="Open the cabinet doors."
  Episode  49/50: SUCCESS (steps= 538, reward=0.0) layout=32, style=35, task="Open the cabinet door."
  Episode  50/50: FAIL    (steps= 600, reward=0.0) layout=56, style=38, task="Open the cabinet doors."

============================================================
  Evaluation Results
============================================================
  Split:          pretrain
  Episodes:       50
  Successes:      20/50
  Success rate:   40.0%
  Avg ep length:  425.6 steps
  Avg reward:     0.000

============================================================
  Performance Context
============================================================
Expected success rates from the RoboCasa benchmark:

  Method                 | Pretrain | Target
  -----------------------|----------|-------
  Random actions         |    ~0%   |   ~0%
  Simple MLP (baseline)  |    ~0%   |   ~0%
  Diffusion (low-dim)    |   ~5-15% |  ~3-10%
  Diffusion Policy (vis) |  ~30-60% | ~20-50%
  pi-0                   |  ~40-70% | ~30-60%


---- Train: config=baseline, seed=1 ----
============================================================
  OpenCabinet - Policy Training
============================================================

============================================================
  BC 1D U-Net Policy + Action Chunking
============================================================
[robosuite WARNING] No private macro file found! (macros.py:57)
[robosuite WARNING] It is recommended to use a private macro file (macros.py:58)
[robosuite WARNING] To setup, run: python /Users/venkatchitturi/Documents/GitHub/cs188-cabinet-door-project-1/robosuite/robosuite/scripts/setup_macros.py (macros.py:59)
[robosuite WARNING] Could not import robosuite_models. Some robots may not be available. If you want to use these robots, please install robosuite_models from source (https://github.com/ARISE-Initiative/robosuite_models) or through pip install. (__init__.py:30)
[robosuite WARNING] Could not load the mink-based whole-body IK. Make sure you install related import properly (e.g. pip install mink==0.0.5), otherwise you will not be able to use the default IK controller setting for GR1 robot. (__init__.py:40)
WARNING: mimicgen environments not imported since mimicgen is not installed!
Dataset: /Users/venkatchitturi/Documents/GitHub/cs188-cabinet-door-project-1/robocasa/datasets/v1.0/pretrain/atomic/OpenCabinet/20250819/lerobot

Loading dataset...
  Total timesteps: 37492
  Episodes:        107
  State dim:       22
  Action dim:      12
  Train samples: 28550  Val samples: 5625
  Chunk size:    16  Execute steps: 8

Device: mps

============================================================
  Training
============================================================
  Max epochs: 30  (early stop patience: 25; best epoch usually 2-5)
  Batch size: 128  LR: 0.001
  Epoch    1/30  train_loss: 0.101626  val_loss: 0.064879
  Epoch    5/30  train_loss: 0.041131  val_loss: 0.047771
  Epoch   10/30  train_loss: 0.026592  val_loss: 0.044868
  Epoch   15/30  train_loss: 0.019716  val_loss: 0.047831
  Epoch   20/30  train_loss: 0.015332  val_loss: 0.048678
  Epoch   25/30  train_loss: 0.013617  val_loss: 0.048167
  Epoch   30/30  train_loss: 0.011781  val_loss: 0.048469

Training complete!
  Best val loss:   0.043775 (epoch 7)
  Best checkpoint: /tmp/cabinet_ablations_20260314_235021/baseline/seed_1/best_policy.pt

============================================================
  Next Steps
============================================================
Evaluate (use >=50 rollouts for stable success rate):
  python 07_evaluate_policy.py --checkpoint /tmp/cabinet_ablations_20260314_235021/baseline/seed_1/best_policy.pt --num_rollouts 50


---- Eval: config=baseline, seed=1, max_steps=500 ----
[robosuite WARNING] No private macro file found! (macros.py:57)
[robosuite WARNING] It is recommended to use a private macro file (macros.py:58)
[robosuite WARNING] To setup, run: python /Users/venkatchitturi/Documents/GitHub/cs188-cabinet-door-project-1/robosuite/robosuite/scripts/setup_macros.py (macros.py:59)
[robosuite WARNING] Could not import robosuite_models. Some robots may not be available. If you want to use these robots, please install robosuite_models from source (https://github.com/ARISE-Initiative/robosuite_models) or through pip install. (__init__.py:30)
[robosuite WARNING] Could not load the mink-based whole-body IK. Make sure you install related import properly (e.g. pip install mink==0.0.5), otherwise you will not be able to use the default IK controller setting for GR1 robot. (__init__.py:40)
WARNING: mimicgen environments not imported since mimicgen is not installed!
============================================================
  OpenCabinet - Policy Evaluation
============================================================
Device: cpu
Policy type:   bc_unet
Trained epoch: 7, loss=0.034285
State dim:     22, Action dim: 12
Chunk size:    16, Action steps: 8

============================================================
  Evaluating on pretrain split (50 episodes)
============================================================
[robosuite INFO] Loading controller configuration from: /Users/venkatchitturi/Documents/GitHub/cs188-cabinet-door-project-1/robosuite/robosuite/controllers/config/robots/default_pandaomron.json (composite_controller_factory.py:121)
  Episode   1/50: FAIL    (steps= 500, reward=0.0) layout=34, style=43, task="Open the cabinet doors."
